<html>
<body>
<pre>
<h1>µVision Build Log</h1>
<h2>Project:</h2>
C:\Users\Kaela\Documents\EE319K\Labs\students\kwt368_mlc4285\Lab10\SpaceInvaders.uvproj
Project File Date:  05/01/2016

<h2>Output:</h2>
Rebuild target 'SpaceInvaders'
assembling startup.s...
assembling random.s...
compiling DAC.c...
compiling ADC.c...
compiling Timer0.c...
compiling Timer1.c...
compiling Sound.c...
assembling LCD.s...
assembling Print.s...
compiling SpaceInvaders.c...
compiling ST7735.c...
linking...
Program Size: Code=6896 RO-data=71316 RW-data=220 ZI-data=1324  
".\SpaceInvaders.axf" - 0 Error(s), 0 Warning(s).
