<html>
<body>
<pre>
<h1>µVision Build Log</h1>
<h2>Project:</h2>
C:\Users\Megan\Desktop\New EE 319k\students\kwt368_mlc4285\Lab7\ST7735.uvproj
Project File Date:  03/29/2016

<h2>Output:</h2>
Rebuild target 'ST7735'
assembling startup.s...
compiling PLL.c...
compiling ST7735.c...
compiling ST7735TestMain.c...
assembling IO.s...
assembling LCD.s...
assembling Print.s...
linking...
Program Size: Code=3432 RO-data=14984 RW-data=44 ZI-data=1028  
".\ST7735.axf" - 0 Error(s), 0 Warning(s).
Load "C:\\Users\\Megan\\Desktop\\New EE 319k\\students\\kwt368_mlc4285\\Lab7\\ST7735.axf" 
Connecting: Mode=JTAG, Speed=1000000Hz
Erase Done.
Programming Done.
Verify OK.
ash Download failed  -  Target DLL has been cancelled
Load "C:\\Users\\Megan\\Desktop\\New EE 319k\\students\\kwt368_mlc4285\\Lab7\\ST7735.axf" 
Connecting: Mode=JTAG, Speed=1000000Hz
Erase Done.
Programming Done.
Verify OK.
 of 8-byte data items)' function ST7735_OutChar.
.\ST7735.axf: Error: L6238E: print.o(.text) contains invalid call from '~PRES8 (The user did not require code to preserve 8-byte aligment of 8-byte data objects)' function to 'REQ8 (Code was permitted to depend on the 8-byte aligment of 8-byte data items)' function ST7735_OutChar.
.\ST7735.axf: Error: L6238E: print.o(.text) contains invalid call from '~PRES8 (The user did not require code to preserve 8-byte aligment of 8-byte data objects)' function to 'REQ8 (Code was permitted to depend on the 8-byte aligment of 8-byte data items)' function ST7735_OutChar.
.\ST7735.axf: Error: L6238E: print.o(.text) contains invalid call from '~PRES8 (The user did not require code to preserve 8-byte aligment of 8-byte data objects)' function to 'REQ8 (Code was permitted to depend on the 8-byte aligment of 8-byte data items)' function ST7735_OutChar.
.\ST7735.axf: Error: L6238E: print.o(.text) contains invalid call from '~PRES8 (The user did not require code to preserve 8-byte aligment of 8-byte data objects)' function to 'REQ8 (Code was permitted to depend on the 8-byte aligment of 8-byte data items)' function ST7735_OutChar.
.\ST7735.axf: Error: L6238E: print.o(.text) contains invalid call from '~PRES8 (The user did not require code to preserve 8-byte aligment of 8-byte data objects)' function to 'REQ8 (Code was permitted to depend on the 8-byte aligment of 8-byte data items)' function ST7735_OutChar.
.\ST7735.axf: Error: L6238E: print.o(.text) contains invalid call from '~PRES8 (The user did not require code to preserve 8-byte aligment of 8-byte data objects)' function to 'REQ8 (Code was permitted to depend on the 8-byte aligment of 8-byte data items)' function ST7735_OutChar.
.\ST7735.axf: Error: L6238E: print.o(.text) contains invalid call from '~PRES8 (The user did not require code to preserve 8-byte aligment of 8-byte data objects)' function to 'REQ8 (Code was permitted to depend on the 8-byte aligment of 8-byte data items)' function ST7735_OutChar.
.\ST7735.axf: Error: L6238E: print.o(.text) contains invalid call from '~PRES8 (The user did not require code to preserve 8-byte aligment of 8-byte data objects)' function to 'REQ8 (Code was permitted to depend on the 8-byte aligment of 8-byte data items)' function ST7735_OutChar.
.\ST7735.axf: Error: L6238E: print.o(.text) contains invalid call from '~PRES8 (The user did not require code to preserve 8-byte aligment of 8-byte data objects)' function to 'REQ8 (Code was permitted to depend on the 8-byte aligment of 8-byte data items)' function ST7735_OutChar.
Finished: 0 information, 0 warning and 11 error messages.
".\ST7735.axf" - 11 Error(s), 0 Warning(s).
Target not created
Error: Could not load file 'C:\Users\Megan\Desktop\New EE 319k\students\kwt368_mlc4285\Lab7\ST7735.axf'. Debugger aborted !
ted
